MPLINK 5.09, LINKER
Linker Map File - Created Tue May 17 10:49:30 2022

                                 Section Info
                  Section       Type    Address   Location Size(Bytes)
                ---------  ---------  ---------  ---------  ---------
                   .org_0       code   0x000000    program   0x000002
                   .cinit    romdata   0x000001    program   0x000004
                   .org_1       code   0x000004    program   0x00003c



                              Program Memory Usage 
                               Start         End      
                           ---------   ---------      
                            0x000000    0x000002      
                            0x000004    0x000021      
            33 out of 8454 program addresses used, program memory utilization is 0%



                              Symbols - Sorted by Name
                     Name    Address   Location    Storage File                     
                ---------  ---------  ---------  --------- ---------                
                    bank0   0x00001c    program     static /home/adam/MPLABXProjects/Simple Counter TMR0.X/main.asm
                    bank1   0x00001f    program     static /home/adam/MPLABXProjects/Simple Counter TMR0.X/main.asm
                      isr   0x000011    program     static /home/adam/MPLABXProjects/Simple Counter TMR0.X/main.asm
                     loop   0x000010    program     static /home/adam/MPLABXProjects/Simple Counter TMR0.X/main.asm
                     prog   0x000005    program     static /home/adam/MPLABXProjects/Simple Counter TMR0.X/main.asm



                              Symbols - Sorted by Address
                     Name    Address   Location    Storage File                     
                ---------  ---------  ---------  --------- ---------                
                     prog   0x000005    program     static /home/adam/MPLABXProjects/Simple Counter TMR0.X/main.asm
                     loop   0x000010    program     static /home/adam/MPLABXProjects/Simple Counter TMR0.X/main.asm
                      isr   0x000011    program     static /home/adam/MPLABXProjects/Simple Counter TMR0.X/main.asm
                    bank0   0x00001c    program     static /home/adam/MPLABXProjects/Simple Counter TMR0.X/main.asm
                    bank1   0x00001f    program     static /home/adam/MPLABXProjects/Simple Counter TMR0.X/main.asm


